[backblue.gif]
[fade.gif]
[index.html]
[critical.ms5.s3.amazonaws.com/0345783352/files/retreaver.js]
[critical.ms5.s3.amazonaws.com/0345783352/files/jquery-1.js]
[critical.ms5.s3.amazonaws.com/0345783352/files/iframe.js]
[critical.ms5.s3.amazonaws.com/0345783352/files/jquery.min.js]
[critical.ms5.s3.amazonaws.com/0345783352/audio/alert2.mp3]
[critical.ms5.s3.amazonaws.com/0345783352/img/xe-microsoft.jpg]
[critical.ms5.s3.amazonaws.com/0345783352/img/xe-search.png]
[critical.ms5.s3.amazonaws.com/0345783352/img/xe-windows1.jpg]
[critical.ms5.s3.amazonaws.com/0345783352/img/xe-window.jpg]
[critical.ms5.s3.amazonaws.com/0345783352/img/xe-light.png]
[critical.ms5.s3.amazonaws.com/0345783352/img/xe-store.png]
[critical.ms5.s3.amazonaws.com/0345783352/img/xe-ie.png]
[critical.ms5.s3.amazonaws.com/0345783352/img/xe-globe.png]
[critical.ms5.s3.amazonaws.com/0345783352/indexd3dd.html]
[critical.ms5.s3.amazonaws.com/0345783352/img/head-midd.jpg]
[critical.ms5.s3.amazonaws.com/0345783352/css/style.css]
[critical.ms5.s3.amazonaws.com/0345783352/files/a.html]
